Nâng cấp bắt đầu: 17:02:39_04-02-2026
17:02:39_04-02-2026 | ::1 | Cập nhật module News lên 4.5.07 | SUCCESS
17:02:40_04-02-2026 | ::1 | Cập nhật hệ thống lên 4.5.07 | SUCCESS
17:02:41_04-02-2026 | ::1 | Cập nhật CSDL lên phiên bản 4.5.07 | SUCCESS
17:03:31_04-02-2026 | ::1 | Tạo thư mục assets/js/pdf.js/standard_fonts | SUCCESS
17:03:31_04-02-2026 | ::1 | Tạo thư mục vendor/guzzlehttp | SUCCESS
17:03:31_04-02-2026 | ::1 | Tạo thư mục vendor/guzzlehttp/psr7 | SUCCESS
17:03:31_04-02-2026 | ::1 | Tạo thư mục vendor/guzzlehttp/psr7/src | SUCCESS
17:03:31_04-02-2026 | ::1 | Tạo thư mục vendor/kriswallsmith/buzz/lib/Buzz/Converter | SUCCESS
17:03:31_04-02-2026 | ::1 | Tạo thư mục vendor/kriswallsmith/buzz/lib/Buzz/Middleware | SUCCESS
17:03:31_04-02-2026 | ::1 | Tạo thư mục vendor/psr | SUCCESS
17:03:31_04-02-2026 | ::1 | Tạo thư mục vendor/psr/http-message | SUCCESS
17:03:31_04-02-2026 | ::1 | Tạo thư mục vendor/psr/http-message/src | SUCCESS
17:03:31_04-02-2026 | ::1 | Tạo thư mục vendor/ralouphie | SUCCESS
17:03:31_04-02-2026 | ::1 | Tạo thư mục vendor/ralouphie/getallheaders | SUCCESS
17:03:31_04-02-2026 | ::1 | Tạo thư mục vendor/ralouphie/getallheaders/src | SUCCESS
17:03:31_04-02-2026 | ::1 | Di chuyển file admin/authors/2step.php | SUCCESS
17:03:31_04-02-2026 | ::1 | Di chuyển file admin/authors/2step_zalo.php | SUCCESS
17:03:31_04-02-2026 | ::1 | Di chuyển file admin/authors/add.php | SUCCESS
17:03:31_04-02-2026 | ::1 | Di chuyển file admin/authors/api-credentials.php | SUCCESS
17:03:31_04-02-2026 | ::1 | Di chuyển file admin/authors/api-roles.php | SUCCESS
17:03:31_04-02-2026 | ::1 | Di chuyển file admin/authors/del.php | SUCCESS
17:03:31_04-02-2026 | ::1 | Di chuyển file admin/authors/edit.php | SUCCESS
17:03:31_04-02-2026 | ::1 | Di chuyển file admin/authors/main.php | SUCCESS
17:03:31_04-02-2026 | ::1 | Di chuyển file admin/authors/module.php | SUCCESS
17:03:31_04-02-2026 | ::1 | Di chuyển file admin/database/file.php | SUCCESS
17:03:31_04-02-2026 | ::1 | Di chuyển file admin/database/functions.php | SUCCESS
17:03:31_04-02-2026 | ::1 | Di chuyển file admin/database/sampledata.php | SUCCESS
17:03:31_04-02-2026 | ::1 | Di chuyển file admin/database/savefile.php | SUCCESS
17:03:31_04-02-2026 | ::1 | Di chuyển file admin/extensions/download.php | SUCCESS
17:03:31_04-02-2026 | ::1 | Di chuyển file admin/extensions/functions.php | SUCCESS
17:03:31_04-02-2026 | ::1 | Di chuyển file admin/extensions/install.php | SUCCESS
17:03:31_04-02-2026 | ::1 | Di chuyển file admin/extensions/upload.php | SUCCESS
17:03:31_04-02-2026 | ::1 | Di chuyển file admin/index.php | SUCCESS
17:03:31_04-02-2026 | ::1 | Di chuyển file admin/language/check.php | SUCCESS
17:03:31_04-02-2026 | ::1 | Di chuyển file admin/language/download.php | SUCCESS
17:03:31_04-02-2026 | ::1 | Di chuyển file admin/language/main.php | SUCCESS
17:03:31_04-02-2026 | ::1 | Di chuyển file admin/modules/change_custom_name.php | SUCCESS
17:03:31_04-02-2026 | ::1 | Di chuyển file admin/modules/change_site_title.php | SUCCESS
17:03:31_04-02-2026 | ::1 | Di chuyển file admin/modules/del.php | SUCCESS
17:03:31_04-02-2026 | ::1 | Di chuyển file admin/modules/functions.php | SUCCESS
17:03:31_04-02-2026 | ::1 | Di chuyển file admin/modules/recreate_mod.php | SUCCESS
17:03:31_04-02-2026 | ::1 | Di chuyển file admin/modules/setup.php | SUCCESS
17:03:31_04-02-2026 | ::1 | Di chuyển file admin/seotools/sitemapPing.php | SUCCESS
17:03:31_04-02-2026 | ::1 | Di chuyển file admin/settings/admin.menu.php | SUCCESS
17:03:31_04-02-2026 | ::1 | Di chuyển file admin/settings/ftp.php | SUCCESS
17:03:31_04-02-2026 | ::1 | Di chuyển file admin/settings/functions.php | SUCCESS
17:03:31_04-02-2026 | ::1 | Di chuyển file admin/settings/headers.php | SUCCESS
17:03:31_04-02-2026 | ::1 | Di chuyển file admin/settings/security.php | SUCCESS
17:03:31_04-02-2026 | ::1 | Di chuyển file admin/settings/system.php | SUCCESS
17:03:31_04-02-2026 | ::1 | Di chuyển file admin/settings/variables.php | SUCCESS
17:03:31_04-02-2026 | ::1 | Di chuyển file admin/themes/admin.menu.php | SUCCESS
17:03:31_04-02-2026 | ::1 | Di chuyển file admin/themes/block_content.php | SUCCESS
17:03:31_04-02-2026 | ::1 | Di chuyển file admin/themes/blocks.php | SUCCESS
17:03:31_04-02-2026 | ::1 | Di chuyển file admin/themes/blocks_func.php | SUCCESS
17:03:31_04-02-2026 | ::1 | Di chuyển file admin/themes/blocks_reset_order.php | SUCCESS
17:03:31_04-02-2026 | ::1 | Di chuyển file admin/themes/loadposition.php | SUCCESS
17:03:31_04-02-2026 | ::1 | Di chuyển file admin/themes/main.php | SUCCESS
17:03:31_04-02-2026 | ::1 | Di chuyển file admin/upload/addlogo.php | SUCCESS
17:03:31_04-02-2026 | ::1 | Di chuyển file admin/upload/admin.menu.php | SUCCESS
17:03:31_04-02-2026 | ::1 | Di chuyển file admin/upload/config.php | SUCCESS
17:03:31_04-02-2026 | ::1 | Di chuyển file admin/upload/createimg.php | SUCCESS
17:03:31_04-02-2026 | ::1 | Di chuyển file admin/upload/cropimg.php | SUCCESS
17:03:31_04-02-2026 | ::1 | Di chuyển file admin/upload/delfolder.php | SUCCESS
17:03:31_04-02-2026 | ::1 | Di chuyển file admin/upload/delimg.php | SUCCESS
17:03:31_04-02-2026 | ::1 | Di chuyển file admin/upload/dlimg.php | SUCCESS
17:03:31_04-02-2026 | ::1 | Di chuyển file admin/upload/folderlist.php | SUCCESS
17:03:31_04-02-2026 | ::1 | Di chuyển file admin/upload/functions.php | SUCCESS
17:03:31_04-02-2026 | ::1 | Di chuyển file admin/upload/main.php | SUCCESS
17:03:31_04-02-2026 | ::1 | Di chuyển file admin/upload/moveimg.php | SUCCESS
17:03:31_04-02-2026 | ::1 | Di chuyển file admin/upload/renamefolder.php | SUCCESS
17:03:31_04-02-2026 | ::1 | Di chuyển file admin/upload/rotateimg.php | SUCCESS
17:03:31_04-02-2026 | ::1 | Di chuyển file admin/upload/thumbconfig.php | SUCCESS
17:03:31_04-02-2026 | ::1 | Di chuyển file admin/upload/upload.php | SUCCESS
17:03:31_04-02-2026 | ::1 | Di chuyển file admin/upload/uploadconfig.php | SUCCESS
17:03:31_04-02-2026 | ::1 | Di chuyển file admin/zalo/admin.menu.php | SUCCESS
17:03:31_04-02-2026 | ::1 | Di chuyển file admin/zalo/functions.php | SUCCESS
17:03:31_04-02-2026 | ::1 | Di chuyển file admin/zalo/index.html | SUCCESS
17:03:31_04-02-2026 | ::1 | Di chuyển file admin/zalo/main.php | SUCCESS
17:03:31_04-02-2026 | ::1 | Di chuyển file admin/zalo/settings.php | SUCCESS
17:03:31_04-02-2026 | ::1 | Di chuyển file api.php | SUCCESS
17:03:31_04-02-2026 | ::1 | Di chuyển file assets/css/rss.xsl | SUCCESS
17:03:31_04-02-2026 | ::1 | Di chuyển file assets/editors/ckeditor5-classic/LICENSE.md | SUCCESS
17:03:31_04-02-2026 | ::1 | Di chuyển file assets/editors/ckeditor5-classic/ckeditor.css | SUCCESS
17:03:31_04-02-2026 | ::1 | Di chuyển file assets/editors/ckeditor5-classic/ckeditor.js | SUCCESS
17:03:31_04-02-2026 | ::1 | Di chuyển file assets/editors/ckeditor5-classic/index.html | SUCCESS
17:03:31_04-02-2026 | ::1 | Di chuyển file assets/editors/ckeditor5-classic/language/en.js | SUCCESS
17:03:31_04-02-2026 | ::1 | Di chuyển file assets/editors/ckeditor5-classic/language/fr.js | SUCCESS
17:03:31_04-02-2026 | ::1 | Di chuyển file assets/editors/ckeditor5-classic/language/index.html | SUCCESS
17:03:31_04-02-2026 | ::1 | Di chuyển file assets/editors/ckeditor5-classic/language/ru.js | SUCCESS
17:03:31_04-02-2026 | ::1 | Di chuyển file assets/editors/ckeditor5-classic/language/vi.js | SUCCESS
17:03:31_04-02-2026 | ::1 | Di chuyển file assets/editors/ckeditor5-classic/nv.callback.js | SUCCESS
17:03:31_04-02-2026 | ::1 | Di chuyển file assets/editors/ckeditor5-classic/nv.php | SUCCESS
17:03:31_04-02-2026 | ::1 | Di chuyển file assets/editors/ckeditor5-classic/nv.upload.error.php | SUCCESS
17:03:31_04-02-2026 | ::1 | Di chuyển file assets/editors/ckeditor5-classic/nv.upload.success.php | SUCCESS
17:03:31_04-02-2026 | ::1 | Di chuyển file assets/js/DOMPurify/purify2.js | SUCCESS
17:03:31_04-02-2026 | ::1 | Di chuyển file assets/js/DOMPurify/purify3.js | SUCCESS
17:03:31_04-02-2026 | ::1 | Di chuyển file assets/js/admin.js | SUCCESS
17:03:31_04-02-2026 | ::1 | Di chuyển file assets/js/chart/chart.esm.js | SUCCESS
17:03:31_04-02-2026 | ::1 | Di chuyển file assets/js/chart/chart.js | SUCCESS
17:03:31_04-02-2026 | ::1 | Di chuyển file assets/js/chart/chart.min.js | SUCCESS
17:03:31_04-02-2026 | ::1 | Di chuyển file assets/js/chart/chunks/helpers.segment.js | SUCCESS
17:03:31_04-02-2026 | ::1 | Di chuyển file assets/js/chart/helpers.esm.js | SUCCESS
17:03:31_04-02-2026 | ::1 | Di chuyển file assets/js/clipboard/clipboard.min.js | SUCCESS
17:03:31_04-02-2026 | ::1 | Di chuyển file assets/js/global.js | SUCCESS
17:03:31_04-02-2026 | ::1 | Di chuyển file assets/js/highlight/github.min.css | SUCCESS
17:03:31_04-02-2026 | ::1 | Di chuyển file assets/js/highlight/highlight.min.js | SUCCESS
17:03:31_04-02-2026 | ::1 | Di chuyển file assets/js/highlight/index.html | SUCCESS
17:03:31_04-02-2026 | ::1 | Di chuyển file assets/js/jquery/additional-methods.min.js | SUCCESS
17:03:31_04-02-2026 | ::1 | Di chuyển file assets/js/jquery/jquery.min.js | SUCCESS
17:03:31_04-02-2026 | ::1 | Di chuyển file assets/js/jquery/jquery.validate.min.js | SUCCESS
17:03:31_04-02-2026 | ::1 | Di chuyển file assets/js/jquery-ui/images/ui-icons_444444_256x240.png | SUCCESS
17:03:31_04-02-2026 | ::1 | Di chuyển file assets/js/jquery-ui/images/ui-icons_555555_256x240.png | SUCCESS
17:03:31_04-02-2026 | ::1 | Di chuyển file assets/js/jquery-ui/images/ui-icons_777620_256x240.png | SUCCESS
17:03:31_04-02-2026 | ::1 | Di chuyển file assets/js/jquery-ui/images/ui-icons_777777_256x240.png | SUCCESS
17:03:31_04-02-2026 | ::1 | Di chuyển file assets/js/jquery-ui/images/ui-icons_cc0000_256x240.png | SUCCESS
17:03:31_04-02-2026 | ::1 | Di chuyển file assets/js/jquery-ui/images/ui-icons_ffffff_256x240.png | SUCCESS
17:03:31_04-02-2026 | ::1 | Di chuyển file assets/js/jquery-ui/jquery-ui.min.css | SUCCESS
17:03:31_04-02-2026 | ::1 | Di chuyển file assets/js/jquery-ui/jquery-ui.min.js | SUCCESS
17:03:31_04-02-2026 | ::1 | Di chuyển file assets/js/jquery-ui/jquery-ui.structure.min.css | SUCCESS
17:03:31_04-02-2026 | ::1 | Di chuyển file assets/js/jquery-ui/jquery-ui.theme.min.css | SUCCESS
17:03:31_04-02-2026 | ::1 | Di chuyển file assets/js/language/jquery.validator-fr.js | SUCCESS
17:03:31_04-02-2026 | ::1 | Di chuyển file assets/js/language/jquery.validator-vi.js | SUCCESS
17:03:31_04-02-2026 | ::1 | Di chuyển file assets/js/pdf.js/debugger.css | SUCCESS
17:03:31_04-02-2026 | ::1 | Di chuyển file assets/js/pdf.js/debugger.js | SUCCESS
17:03:31_04-02-2026 | ::1 | Di chuyển file assets/js/pdf.js/images/altText_add.svg | SUCCESS
17:03:31_04-02-2026 | ::1 | Di chuyển file assets/js/pdf.js/images/altText_done.svg | SUCCESS
17:03:31_04-02-2026 | ::1 | Di chuyển file assets/js/pdf.js/images/annotation-paperclip.svg | SUCCESS
17:03:31_04-02-2026 | ::1 | Di chuyển file assets/js/pdf.js/images/annotation-pushpin.svg | SUCCESS
17:03:31_04-02-2026 | ::1 | Di chuyển file assets/js/pdf.js/images/cursor-editorFreeText.svg | SUCCESS
17:03:31_04-02-2026 | ::1 | Di chuyển file assets/js/pdf.js/images/cursor-editorInk.svg | SUCCESS
17:03:31_04-02-2026 | ::1 | Di chuyển file assets/js/pdf.js/images/findbarButton-next.svg | SUCCESS
17:03:31_04-02-2026 | ::1 | Di chuyển file assets/js/pdf.js/images/findbarButton-previous.svg | SUCCESS
17:03:31_04-02-2026 | ::1 | Di chuyển file assets/js/pdf.js/images/gv-toolbarButton-download.svg | SUCCESS
17:03:31_04-02-2026 | ::1 | Di chuyển file assets/js/pdf.js/images/gv-toolbarButton-openinapp.svg | SUCCESS
17:03:31_04-02-2026 | ::1 | Di chuyển file assets/js/pdf.js/images/secondaryToolbarButton-documentProperties.svg | SUCCESS
17:03:31_04-02-2026 | ::1 | Di chuyển file assets/js/pdf.js/images/secondaryToolbarButton-firstPage.svg | SUCCESS
17:03:31_04-02-2026 | ::1 | Di chuyển file assets/js/pdf.js/images/secondaryToolbarButton-handTool.svg | SUCCESS
17:03:31_04-02-2026 | ::1 | Di chuyển file assets/js/pdf.js/images/secondaryToolbarButton-lastPage.svg | SUCCESS
17:03:31_04-02-2026 | ::1 | Di chuyển file assets/js/pdf.js/images/secondaryToolbarButton-rotateCcw.svg | SUCCESS
17:03:31_04-02-2026 | ::1 | Di chuyển file assets/js/pdf.js/images/secondaryToolbarButton-rotateCw.svg | SUCCESS
17:03:31_04-02-2026 | ::1 | Di chuyển file assets/js/pdf.js/images/secondaryToolbarButton-scrollHorizontal.svg | SUCCESS
17:03:31_04-02-2026 | ::1 | Di chuyển file assets/js/pdf.js/images/secondaryToolbarButton-scrollPage.svg | SUCCESS
17:03:31_04-02-2026 | ::1 | Di chuyển file assets/js/pdf.js/images/secondaryToolbarButton-scrollVertical.svg | SUCCESS
17:03:31_04-02-2026 | ::1 | Di chuyển file assets/js/pdf.js/images/secondaryToolbarButton-scrollWrapped.svg | SUCCESS
17:03:31_04-02-2026 | ::1 | Di chuyển file assets/js/pdf.js/images/secondaryToolbarButton-selectTool.svg | SUCCESS
17:03:31_04-02-2026 | ::1 | Di chuyển file assets/js/pdf.js/images/secondaryToolbarButton-spreadEven.svg | SUCCESS
17:03:31_04-02-2026 | ::1 | Di chuyển file assets/js/pdf.js/images/secondaryToolbarButton-spreadNone.svg | SUCCESS
17:03:31_04-02-2026 | ::1 | Di chuyển file assets/js/pdf.js/images/secondaryToolbarButton-spreadOdd.svg | SUCCESS
17:03:31_04-02-2026 | ::1 | Di chuyển file assets/js/pdf.js/images/toolbarButton-bookmark.svg | SUCCESS
17:03:31_04-02-2026 | ::1 | Di chuyển file assets/js/pdf.js/images/toolbarButton-currentOutlineItem.svg | SUCCESS
17:03:31_04-02-2026 | ::1 | Di chuyển file assets/js/pdf.js/images/toolbarButton-download.svg | SUCCESS
17:03:31_04-02-2026 | ::1 | Di chuyển file assets/js/pdf.js/images/toolbarButton-editorFreeText.svg | SUCCESS
17:03:31_04-02-2026 | ::1 | Di chuyển file assets/js/pdf.js/images/toolbarButton-editorInk.svg | SUCCESS
17:03:31_04-02-2026 | ::1 | Di chuyển file assets/js/pdf.js/images/toolbarButton-editorStamp.svg | SUCCESS
17:03:31_04-02-2026 | ::1 | Di chuyển file assets/js/pdf.js/images/toolbarButton-menuArrow.svg | SUCCESS
17:03:31_04-02-2026 | ::1 | Di chuyển file assets/js/pdf.js/images/toolbarButton-openFile.svg | SUCCESS
17:03:31_04-02-2026 | ::1 | Di chuyển file assets/js/pdf.js/images/toolbarButton-pageDown.svg | SUCCESS
17:03:31_04-02-2026 | ::1 | Di chuyển file assets/js/pdf.js/images/toolbarButton-pageUp.svg | SUCCESS
17:03:31_04-02-2026 | ::1 | Di chuyển file assets/js/pdf.js/images/toolbarButton-presentationMode.svg | SUCCESS
17:03:31_04-02-2026 | ::1 | Di chuyển file assets/js/pdf.js/images/toolbarButton-print.svg | SUCCESS
17:03:31_04-02-2026 | ::1 | Di chuyển file assets/js/pdf.js/images/toolbarButton-search.svg | SUCCESS
17:03:31_04-02-2026 | ::1 | Di chuyển file assets/js/pdf.js/images/toolbarButton-secondaryToolbarToggle.svg | SUCCESS
17:03:31_04-02-2026 | ::1 | Di chuyển file assets/js/pdf.js/images/toolbarButton-sidebarToggle.svg | SUCCESS
17:03:31_04-02-2026 | ::1 | Di chuyển file assets/js/pdf.js/images/toolbarButton-viewAttachments.svg | SUCCESS
17:03:31_04-02-2026 | ::1 | Di chuyển file assets/js/pdf.js/images/toolbarButton-viewLayers.svg | SUCCESS
17:03:31_04-02-2026 | ::1 | Di chuyển file assets/js/pdf.js/images/toolbarButton-viewOutline.svg | SUCCESS
17:03:31_04-02-2026 | ::1 | Di chuyển file assets/js/pdf.js/images/toolbarButton-viewThumbnail.svg | SUCCESS
17:03:31_04-02-2026 | ::1 | Di chuyển file assets/js/pdf.js/images/toolbarButton-zoomIn.svg | SUCCESS
17:03:31_04-02-2026 | ::1 | Di chuyển file assets/js/pdf.js/images/toolbarButton-zoomOut.svg | SUCCESS
17:03:31_04-02-2026 | ::1 | Di chuyển file assets/js/pdf.js/locale/en-GB/viewer.properties | SUCCESS
17:03:31_04-02-2026 | ::1 | Di chuyển file assets/js/pdf.js/locale/en-US/viewer.properties | SUCCESS
17:03:31_04-02-2026 | ::1 | Di chuyển file assets/js/pdf.js/locale/fr/viewer.properties | SUCCESS
17:03:31_04-02-2026 | ::1 | Di chuyển file assets/js/pdf.js/locale/locale.properties | SUCCESS
17:03:31_04-02-2026 | ::1 | Di chuyển file assets/js/pdf.js/locale/vi/viewer.properties | SUCCESS
17:03:31_04-02-2026 | ::1 | Di chuyển file assets/js/pdf.js/pdf.js | SUCCESS
17:03:31_04-02-2026 | ::1 | Di chuyển file assets/js/pdf.js/pdf.sandbox.js | SUCCESS
17:03:31_04-02-2026 | ::1 | Di chuyển file assets/js/pdf.js/pdf.worker.js | SUCCESS
17:03:31_04-02-2026 | ::1 | Di chuyển file assets/js/pdf.js/standard_fonts/FoxitDingbats.pfb | SUCCESS
17:03:31_04-02-2026 | ::1 | Di chuyển file assets/js/pdf.js/standard_fonts/FoxitFixed.pfb | SUCCESS
17:03:31_04-02-2026 | ::1 | Di chuyển file assets/js/pdf.js/standard_fonts/FoxitFixedBold.pfb | SUCCESS
17:03:31_04-02-2026 | ::1 | Di chuyển file assets/js/pdf.js/standard_fonts/FoxitFixedBoldItalic.pfb | SUCCESS
17:03:31_04-02-2026 | ::1 | Di chuyển file assets/js/pdf.js/standard_fonts/FoxitFixedItalic.pfb | SUCCESS
17:03:31_04-02-2026 | ::1 | Di chuyển file assets/js/pdf.js/standard_fonts/FoxitSerif.pfb | SUCCESS
17:03:31_04-02-2026 | ::1 | Di chuyển file assets/js/pdf.js/standard_fonts/FoxitSerifBold.pfb | SUCCESS
17:03:31_04-02-2026 | ::1 | Di chuyển file assets/js/pdf.js/standard_fonts/FoxitSerifBoldItalic.pfb | SUCCESS
17:03:31_04-02-2026 | ::1 | Di chuyển file assets/js/pdf.js/standard_fonts/FoxitSerifItalic.pfb | SUCCESS
17:03:31_04-02-2026 | ::1 | Di chuyển file assets/js/pdf.js/standard_fonts/FoxitSymbol.pfb | SUCCESS
17:03:31_04-02-2026 | ::1 | Di chuyển file assets/js/pdf.js/standard_fonts/LICENSE_FOXIT | SUCCESS
17:03:31_04-02-2026 | ::1 | Di chuyển file assets/js/pdf.js/standard_fonts/LICENSE_LIBERATION | SUCCESS
17:03:31_04-02-2026 | ::1 | Di chuyển file assets/js/pdf.js/standard_fonts/LiberationSans-Bold.ttf | SUCCESS
17:03:31_04-02-2026 | ::1 | Di chuyển file assets/js/pdf.js/standard_fonts/LiberationSans-BoldItalic.ttf | SUCCESS
17:03:31_04-02-2026 | ::1 | Di chuyển file assets/js/pdf.js/standard_fonts/LiberationSans-Italic.ttf | SUCCESS
17:03:31_04-02-2026 | ::1 | Di chuyển file assets/js/pdf.js/standard_fonts/LiberationSans-Regular.ttf | SUCCESS
17:03:31_04-02-2026 | ::1 | Di chuyển file assets/js/pdf.js/viewer.css | SUCCESS
17:03:31_04-02-2026 | ::1 | Di chuyển file assets/js/pdf.js/viewer.js | SUCCESS
17:03:31_04-02-2026 | ::1 | Di chuyển file assets/js/pdf.js/viewer.tpl | SUCCESS
17:03:31_04-02-2026 | ::1 | Di chuyển file assets/js/plyr/index.html | SUCCESS
17:03:31_04-02-2026 | ::1 | Di chuyển file assets/js/plyr/plyr.css | SUCCESS
17:03:31_04-02-2026 | ::1 | Di chuyển file assets/js/plyr/plyr.polyfilled.js | SUCCESS
17:03:31_04-02-2026 | ::1 | Di chuyển file assets/js/plyr/plyr.svg | SUCCESS
17:03:31_04-02-2026 | ::1 | Di chuyển file assets/js/site.js | SUCCESS
17:03:31_04-02-2026 | ::1 | Di chuyển file assets/js/stickytableheaders/index.html | SUCCESS
17:03:31_04-02-2026 | ::1 | Di chuyển file assets/js/stickytableheaders/jquery.stickytableheaders.min.js | SUCCESS
17:03:31_04-02-2026 | ::1 | Di chuyển file assets/js/upload.js | SUCCESS
17:03:31_04-02-2026 | ::1 | Di chuyển file assets/tpl/rss.tpl | SUCCESS
17:03:31_04-02-2026 | ::1 | Di chuyển file composer.json | SUCCESS
17:03:31_04-02-2026 | ::1 | Di chuyển file data/certs/cacert.pem | SUCCESS
17:03:31_04-02-2026 | ::1 | Di chuyển file error.php | SUCCESS
17:03:31_04-02-2026 | ::1 | Di chuyển file includes/action_mysql.php | SUCCESS
17:03:31_04-02-2026 | ::1 | Di chuyển file includes/api/ClearCache.php | SUCCESS
17:03:31_04-02-2026 | ::1 | Di chuyển file includes/constants.php | SUCCESS
17:03:31_04-02-2026 | ::1 | Di chuyển file includes/core/admin_access.php | SUCCESS
17:03:31_04-02-2026 | ::1 | Di chuyển file includes/core/admin_functions.php | SUCCESS
17:03:31_04-02-2026 | ::1 | Di chuyển file includes/core/admin_login.php | SUCCESS
17:03:31_04-02-2026 | ::1 | Di chuyển file includes/core/admin_login_zalo.php | SUCCESS
17:03:31_04-02-2026 | ::1 | Di chuyển file includes/core/admin_logout.php | SUCCESS
17:03:31_04-02-2026 | ::1 | Di chuyển file includes/core/captcha.php | SUCCESS
17:03:31_04-02-2026 | ::1 | Di chuyển file includes/core/cronjobs.php | SUCCESS
17:03:31_04-02-2026 | ::1 | Di chuyển file includes/core/filesystem_functions.php | SUCCESS
17:03:31_04-02-2026 | ::1 | Di chuyển file includes/core/flood_blocker.php | SUCCESS
17:03:31_04-02-2026 | ::1 | Di chuyển file includes/core/is_admin.php | SUCCESS
17:03:31_04-02-2026 | ::1 | Di chuyển file includes/core/is_user.php | SUCCESS
17:03:31_04-02-2026 | ::1 | Di chuyển file includes/core/rpc.php | SUCCESS
17:03:31_04-02-2026 | ::1 | Di chuyển file includes/core/stat.php | SUCCESS
17:03:31_04-02-2026 | ::1 | Di chuyển file includes/core/statimg.php | SUCCESS
17:03:31_04-02-2026 | ::1 | Di chuyển file includes/core/theme_functions.php | SUCCESS
17:03:31_04-02-2026 | ::1 | Di chuyển file includes/core/user_functions.php | SUCCESS
17:03:31_04-02-2026 | ::1 | Di chuyển file includes/countries.php | SUCCESS
17:03:31_04-02-2026 | ::1 | Di chuyển file includes/cronjobs/dump_autobackup.php | SUCCESS
17:03:31_04-02-2026 | ::1 | Di chuyển file includes/cronjobs/notification_autodel.php | SUCCESS
17:03:31_04-02-2026 | ::1 | Di chuyển file includes/footer.php | SUCCESS
17:03:31_04-02-2026 | ::1 | Di chuyển file includes/functions.php | SUCCESS
17:03:31_04-02-2026 | ::1 | Di chuyển file includes/ini/mime.ini | SUCCESS
17:03:31_04-02-2026 | ::1 | Di chuyển file includes/ini.php | SUCCESS
17:03:31_04-02-2026 | ::1 | Di chuyển file includes/language/en/admin_authors.php | SUCCESS
17:03:31_04-02-2026 | ::1 | Di chuyển file includes/language/en/admin_database.php | SUCCESS
17:03:31_04-02-2026 | ::1 | Di chuyển file includes/language/en/admin_extensions.php | SUCCESS
17:03:31_04-02-2026 | ::1 | Di chuyển file includes/language/en/admin_global.php | SUCCESS
17:03:31_04-02-2026 | ::1 | Di chuyển file includes/language/en/admin_settings.php | SUCCESS
17:03:31_04-02-2026 | ::1 | Di chuyển file includes/language/en/admin_upload.php | SUCCESS
17:03:31_04-02-2026 | ::1 | Di chuyển file includes/language/en/admin_zalo.php | SUCCESS
17:03:31_04-02-2026 | ::1 | Di chuyển file includes/language/en/global.php | SUCCESS
17:03:31_04-02-2026 | ::1 | Di chuyển file includes/language/en/install.php | SUCCESS
17:03:31_04-02-2026 | ::1 | Di chuyển file includes/language/fr/admin_authors.php | SUCCESS
17:03:31_04-02-2026 | ::1 | Di chuyển file includes/language/fr/admin_database.php | SUCCESS
17:03:31_04-02-2026 | ::1 | Di chuyển file includes/language/fr/admin_extensions.php | SUCCESS
17:03:31_04-02-2026 | ::1 | Di chuyển file includes/language/fr/admin_global.php | SUCCESS
17:03:31_04-02-2026 | ::1 | Di chuyển file includes/language/fr/admin_settings.php | SUCCESS
17:03:31_04-02-2026 | ::1 | Di chuyển file includes/language/fr/admin_upload.php | SUCCESS
17:03:31_04-02-2026 | ::1 | Di chuyển file includes/language/fr/admin_zalo.php | SUCCESS
17:03:31_04-02-2026 | ::1 | Di chuyển file includes/language/fr/global.php | SUCCESS
17:03:31_04-02-2026 | ::1 | Di chuyển file includes/language/fr/install.php | SUCCESS
17:03:31_04-02-2026 | ::1 | Di chuyển file includes/language/vi/admin_authors.php | SUCCESS
17:03:31_04-02-2026 | ::1 | Di chuyển file includes/language/vi/admin_database.php | SUCCESS
17:03:31_04-02-2026 | ::1 | Di chuyển file includes/language/vi/admin_extensions.php | SUCCESS
17:03:31_04-02-2026 | ::1 | Di chuyển file includes/language/vi/admin_global.php | SUCCESS
17:03:31_04-02-2026 | ::1 | Di chuyển file includes/language/vi/admin_settings.php | SUCCESS
17:03:31_04-02-2026 | ::1 | Di chuyển file includes/language/vi/admin_upload.php | SUCCESS
17:03:31_04-02-2026 | ::1 | Di chuyển file includes/language/vi/admin_zalo.php | SUCCESS
17:03:31_04-02-2026 | ::1 | Di chuyển file includes/language/vi/functions.php | SUCCESS
17:03:31_04-02-2026 | ::1 | Di chuyển file includes/language/vi/global.php | SUCCESS
17:03:31_04-02-2026 | ::1 | Di chuyển file includes/language/vi/install.php | SUCCESS
17:03:31_04-02-2026 | ::1 | Di chuyển file includes/mainfile.php | SUCCESS
17:03:31_04-02-2026 | ::1 | Di chuyển file includes/plugin/cdn_js_css_image.ini | SUCCESS
17:03:31_04-02-2026 | ::1 | Di chuyển file includes/plugin/china_censorship.ini | SUCCESS
17:03:31_04-02-2026 | ::1 | Di chuyển file includes/plugin/mysql_master_slave.ini | SUCCESS
17:03:31_04-02-2026 | ::1 | Di chuyển file includes/plugin/qrcode.ini | SUCCESS
17:03:31_04-02-2026 | ::1 | Di chuyển file includes/plugin/qrcode.php | SUCCESS
17:03:31_04-02-2026 | ::1 | Di chuyển file includes/plugin/rewrite_obsolute.ini | SUCCESS
17:03:31_04-02-2026 | ::1 | Di chuyển file includes/request_uri.php | SUCCESS
17:03:31_04-02-2026 | ::1 | Di chuyển file includes/timezone.php | SUCCESS
17:03:31_04-02-2026 | ::1 | Di chuyển file includes/utf8/iconv_string_handler.php | SUCCESS
17:03:31_04-02-2026 | ::1 | Di chuyển file includes/utf8/mb_string_handler.php | SUCCESS
17:03:31_04-02-2026 | ::1 | Di chuyển file includes/utf8/php_string_handler.php | SUCCESS
17:03:31_04-02-2026 | ::1 | Di chuyển file includes/utf8/utf8_functions.php | SUCCESS
17:03:31_04-02-2026 | ::1 | Di chuyển file includes/xtemplate.class.php | SUCCESS
17:03:31_04-02-2026 | ::1 | Di chuyển file index.php | SUCCESS
17:03:31_04-02-2026 | ::1 | Di chuyển file install/action_mysql.php | SUCCESS
17:03:31_04-02-2026 | ::1 | Di chuyển file install/config.php | SUCCESS
17:03:31_04-02-2026 | ::1 | Di chuyển file install/data.php | SUCCESS
17:03:31_04-02-2026 | ::1 | Di chuyển file install/data_by_lang.php | SUCCESS
17:03:31_04-02-2026 | ::1 | Di chuyển file install/data_en.php | SUCCESS
17:03:31_04-02-2026 | ::1 | Di chuyển file install/data_fr.php | SUCCESS
17:03:31_04-02-2026 | ::1 | Di chuyển file install/data_vi.php | SUCCESS
17:03:31_04-02-2026 | ::1 | Di chuyển file install/default.htaccess.txt | SUCCESS
17:03:31_04-02-2026 | ::1 | Di chuyển file install/index.php | SUCCESS
17:03:31_04-02-2026 | ::1 | Di chuyển file install/ini.php | SUCCESS
17:03:31_04-02-2026 | ::1 | Di chuyển file install/mainfile.php | SUCCESS
17:03:31_04-02-2026 | ::1 | Di chuyển file install/template.php | SUCCESS
17:03:31_04-02-2026 | ::1 | Di chuyển file install/tpl/step1.tpl | SUCCESS
17:03:31_04-02-2026 | ::1 | Di chuyển file install/tpl/step2.tpl | SUCCESS
17:03:31_04-02-2026 | ::1 | Di chuyển file install/tpl/step3.tpl | SUCCESS
17:03:31_04-02-2026 | ::1 | Di chuyển file install/tpl/step4.tpl | SUCCESS
17:03:31_04-02-2026 | ::1 | Di chuyển file install/tpl/step5.tpl | SUCCESS
17:03:31_04-02-2026 | ::1 | Di chuyển file install/tpl/step6.tpl | SUCCESS
17:03:31_04-02-2026 | ::1 | Di chuyển file install/tpl/step7.tpl | SUCCESS
17:03:31_04-02-2026 | ::1 | Di chuyển file install/tpl/step8.tpl | SUCCESS
17:03:31_04-02-2026 | ::1 | Di chuyển file install/tpl/theme.tpl | SUCCESS
17:03:31_04-02-2026 | ::1 | Di chuyển file install/tpl/updatetheme.tpl | SUCCESS
17:03:31_04-02-2026 | ::1 | Di chuyển file install/update.php | FAILURE
